// Jest Snapshot v1, https://goo.gl/fbAQLP

exports[`Storyshots CustomerCard default 1`] = `
<View>
  <Text
    accessible={true}
    allowFontScaling={true}
    ellipsizeMode="tail"
  >
    Mauricio Coelho
  </Text>
  <Text
    accessible={true}
    allowFontScaling={true}
    ellipsizeMode="tail"
  >
    Lombaardenstraat
  </Text>
  <Text
    accessible={true}
    allowFontScaling={true}
    ellipsizeMode="tail"
  >
    1h
  </Text>
</View>
`;
